<?xml version="1.0" encoding="utf-8"?>
<TestRun id="8ab343ce-9de0-4bd2-a1b8-4b3ecf7b8cc7" name="WardhanJa@5CG451219F 2026-09-15 15:31:37" runUser="TPOWER\WardhanJa" xmlns="http://microsoft.com/schemas/VisualStudio/TeamTest/2010">
  <Times creation="2026-09-15T15:31:37.5103330+12:00" queuing="2026-09-15T15:31:37.5103333+12:00" start="2026-09-15T15:31:22.0496794+12:00" finish="2026-09-15T15:32:05.4500291+12:00" />
  <TestSettings name="default" id="5b979648-2f1d-4a16-8af0-86d570f37652">
    <Deployment runDeploymentRoot="WardhanJa_5CG451219F_2026-09-15_15_31_37" />
  </TestSettings>
  <Results>
    <UnitTestResult executionId="f5fbe3f6-9341-478b-8914-b94756004a45" testId="2914eb75-6f9f-7c4d-8b31-61d539073f58" testName="SignInToDealCaptureWithACognitoTestAccount(&quot;authorize&quot;,&quot;MRP\\autoDealCapA&quot;,&quot;aEm_M3kG_WjC-_&quot;,&quot;2&quot;,null)" computerName="5CG451219F" duration="00:00:14.5034620" startTime="2026-09-15T15:31:50.8799413+12:00" endTime="2026-09-15T15:32:05.3834050+12:00" testType="13cdc9d9-ddb5-4fa4-a97d-d965ccfc6d4b" outcome="Failed" testListId="8c84fa94-04c1-424b-9868-57a2d4851a1d" relativeResultsDirectory="f5fbe3f6-9341-478b-8914-b94756004a45">
      <Output>
        <StdOut>==========================================&#xD;
Starting Deal Capture test&#xD;
==========================================&#xD;
Starting Playwright...&#xD;
Starting Google Chrome on CDP port 62998...&#xD;
Launching Chrome in Incognito mode...&#xD;
Chrome process started.&#xD;
Waiting for Chrome remote debugging...&#xD;
Connecting Playwright to Chrome...&#xD;
Playwright connected to Chrome.&#xD;
Playwright page connected.&#xD;
Given I have Cognito credentials "MRP\autoDealCapA" and "aEm_M3kG_WjC-_"&#xD;
Cognito user: MRP\autoDealCapA&#xD;
Cognito password: ********&#xD;
-&gt; done: DealCaptureCognitoSteps.GivenIHaveCognitoCredentials("MRP\autoDealCapA", "aEm_M3kG_WjC-_") (0.0s)&#xD;
When I open the Deal Capture URL "https://dealcapture-test.mrp.net.nz/" in Cognito mode&#xD;
Opening Deal Capture URL: https://dealcapture-test.mrp.net.nz/&#xD;
Waiting for Chrome Sign in dialog...&#xD;
Waiting for Chrome authentication dialog...&#xD;
Entering username: MRP\autoDealCapA&#xD;
Entering password.&#xD;
Submitted Chrome authentication dialog.&#xD;
Navigation response: net::ERR_INVALID_AUTH_CREDENTIALS at https://dealcapture-test.mrp.net.nz/&#xD;
Call log:&#xD;
  - navigating to "https://dealcapture-test.mrp.net.nz/", waiting until "commit"&#xD;
Current URL: chrome-error://chromewebdata/&#xD;
-&gt; done: DealCaptureCognitoSteps.WhenIOpenTheDealCaptureUrlInCognitoMode("https://dealcaptu...") (8.2s)&#xD;
Then I should be signed in to Deal Capture as a "authorize" user&#xD;
==========================================&#xD;
Testing role: authorize&#xD;
Current URL: chrome-error://chromewebdata/&#xD;
Page title: Loading https://dealcapture-test.mrp.net.nz/&#xD;
==========================================&#xD;
-&gt; error: Page URL expected not to match regex 'Error/Denied'&#xD;
But was: 'null' &#xD;
Call log:&#xD;
  - Expect "ToHaveURLAsync" with timeout 5000ms&#xD;
    - waiting for "https://dealcapture-test.mrp.net.nz/" navigation to finish... (5.0s)&#xD;
Closing Playwright browser...&#xD;
Playwright browser closed.</StdOut>
        <ErrorInfo>
          <Message>Microsoft.Playwright.PlaywrightException : Page URL expected not to match regex 'Error/Denied'&#xD;
But was: 'null' &#xD;
Call log:&#xD;
  - Expect "ToHaveURLAsync" with timeout 5000ms&#xD;
    - waiting for "https://dealcapture-test.mrp.net.nz/" navigation to finish...</Message>
          <StackTrace>   at Microsoft.Playwright.Core.AssertionsBase.ExpectImplAsync(String expression, FrameExpectOptions expectOptions, Object expected, String message, String title) in /_/src/Playwright/Core/AssertionsBase.cs:line 97&#xD;
   at Microsoft.Playwright.Core.AssertionsBase.ExpectImplAsync(String expression, ExpectedTextValue[] expectedText, Object expected, String message, String title, FrameExpectOptions options) in /_/src/Playwright/Core/AssertionsBase.cs:line 69&#xD;
   at Microsoft.Playwright.Core.AssertionsBase.ExpectImplAsync(String expression, ExpectedTextValue textValue, Object expected, String message, String title, FrameExpectOptions options) in /_/src/Playwright/Core/AssertionsBase.cs:line 61&#xD;
   at csharpMcp.Tests.StepDefinitions.DealCaptureCognitoSteps.ThenIShouldBeSignedInToDealCaptureAsAUser(String role) in C:\Playwright Resume 2026 Source\DotNetMCP\csharpMcp\tests\StepDefinitions\DealCaptureCognitoSteps.cs:line 115&#xD;
   at Reqnroll.Bindings.AsyncMethodHelper.ConvertTaskOfT(Task task, Boolean getValue)&#xD;
   at Reqnroll.Bindings.BindingDelegateInvoker.InvokeDelegateAsync(Delegate bindingDelegate, Object[] invokeArgs, ExecutionContextHolder executionContext)&#xD;
   at Reqnroll.Bindings.BindingInvoker.InvokeBindingAsync(IBinding binding, IContextManager contextManager, Object[] arguments, ITestTracer testTracer, DurationHolder durationHolder)&#xD;
   at Reqnroll.Infrastructure.TestExecutionEngine.ExecuteStepMatchAsync(BindingMatch match, Object[] arguments, DurationHolder durationHolder)&#xD;
   at Reqnroll.Infrastructure.TestExecutionEngine.ExecuteStepMatchAsync(BindingMatch match, Object[] arguments, DurationHolder durationHolder)&#xD;
   at Reqnroll.Infrastructure.TestExecutionEngine.&lt;&gt;c__DisplayClass57_0.&lt;&lt;ExecuteStepAsync&gt;b__7&gt;d.MoveNext()&#xD;
--- End of stack trace from previous location ---&#xD;
   at Reqnroll.Infrastructure.TestExecutionEngine.&lt;&gt;c__DisplayClass57_0.&lt;&lt;ExecuteStepAsync&gt;g__HandleStepExecutionExceptions|0&gt;d.MoveNext()&#xD;
   at Reqnroll.Infrastructure.TestExecutionEngine.OnAfterLastStepAsync()&#xD;
   at Reqnroll.TestRunner.CollectScenarioErrorsAsync()&#xD;
   at csharpMcp.Tests.Features.DealCaptureCognitoLoginFeature.ScenarioCleanupAsync()&#xD;
   at csharpMcp.Tests.Features.DealCaptureCognitoLoginFeature.SignInToDealCaptureWithACognitoTestAccount(String role, String username, String password, String __pickleIndex, String[] exampleTags) in C:\Playwright Resume 2026 Source\DotNetMCP\csharpMcp\tests\Features\DealCaptureCognitoLogin.feature:line 8&#xD;
   at NUnit.Framework.Internal.TaskAwaitAdapter.GenericAdapter`1.BlockUntilCompleted()&#xD;
   at NUnit.Framework.Internal.MessagePumpStrategy.NoMessagePumpStrategy.WaitForCompletion(AwaitAdapter awaiter)&#xD;
   at NUnit.Framework.Internal.AsyncToSyncAdapter.Await[TResult](TestExecutionContext context, Func`1 invoke)&#xD;
   at NUnit.Framework.Internal.AsyncToSyncAdapter.Await(TestExecutionContext context, Func`1 invoke)&#xD;
   at NUnit.Framework.Internal.Commands.TestMethodCommand.RunTestMethod(TestExecutionContext context)&#xD;
   at NUnit.Framework.Internal.Commands.TestMethodCommand.Execute(TestExecutionContext context)&#xD;
   at NUnit.Framework.Internal.Commands.BeforeAndAfterTestCommand.&lt;&gt;c__DisplayClass1_0.&lt;Execute&gt;b__0()&#xD;
   at NUnit.Framework.Internal.Commands.DelegatingTestCommand.RunTestMethodInThreadAbortSafeZone(TestExecutionContext context, Action action)
</StackTrace>
        </ErrorInfo>
      </Output>
    </UnitTestResult>
    <UnitTestResult executionId="e5329e54-4342-4fad-bf4d-c7440dea0ac2" testId="534d4f1c-2c6f-5e77-2f64-c099214fd433" testName="SignInToDealCaptureWithACognitoTestAccount(&quot;read&quot;,&quot;MRP\\autoDealCapR&quot;,&quot;aEm_M3kG_WjC-_&quot;,&quot;0&quot;,null)" computerName="5CG451219F" duration="00:00:14.8078080" startTime="2026-09-15T15:31:22.6733234+12:00" endTime="2026-09-15T15:31:37.4810417+12:00" testType="13cdc9d9-ddb5-4fa4-a97d-d965ccfc6d4b" outcome="Failed" testListId="8c84fa94-04c1-424b-9868-57a2d4851a1d" relativeResultsDirectory="e5329e54-4342-4fad-bf4d-c7440dea0ac2">
      <Output>
        <StdOut>==========================================&#xD;
Starting Deal Capture test&#xD;
==========================================&#xD;
Starting Playwright...&#xD;
Starting Google Chrome on CDP port 57023...&#xD;
Launching Chrome in Incognito mode...&#xD;
Chrome process started.&#xD;
Waiting for Chrome remote debugging...&#xD;
Connecting Playwright to Chrome...&#xD;
Playwright connected to Chrome.&#xD;
Playwright page connected.&#xD;
Given I have Cognito credentials "MRP\autoDealCapR" and "aEm_M3kG_WjC-_"&#xD;
Cognito user: MRP\autoDealCapR&#xD;
Cognito password: ********&#xD;
-&gt; done: DealCaptureCognitoSteps.GivenIHaveCognitoCredentials("MRP\autoDealCapR", "aEm_M3kG_WjC-_") (0.0s)&#xD;
When I open the Deal Capture URL "https://dealcapture-test.mrp.net.nz/" in Cognito mode&#xD;
Opening Deal Capture URL: https://dealcapture-test.mrp.net.nz/&#xD;
Waiting for Chrome Sign in dialog...&#xD;
Waiting for Chrome authentication dialog...&#xD;
Entering username: MRP\autoDealCapR&#xD;
Entering password.&#xD;
Submitted Chrome authentication dialog.&#xD;
Navigation response: net::ERR_INVALID_AUTH_CREDENTIALS at https://dealcapture-test.mrp.net.nz/&#xD;
Call log:&#xD;
  - navigating to "https://dealcapture-test.mrp.net.nz/", waiting until "commit"&#xD;
Current URL: chrome-error://chromewebdata/&#xD;
-&gt; done: DealCaptureCognitoSteps.WhenIOpenTheDealCaptureUrlInCognitoMode("https://dealcaptu...") (8.4s)&#xD;
Then I should be signed in to Deal Capture as a "read" user&#xD;
==========================================&#xD;
Testing role: read&#xD;
Current URL: chrome-error://chromewebdata/&#xD;
Page title: Loading https://dealcapture-test.mrp.net.nz/&#xD;
==========================================&#xD;
-&gt; error: Page URL expected not to match regex 'Error/Denied'&#xD;
But was: 'null' &#xD;
Call log:&#xD;
  - Expect "ToHaveURLAsync" with timeout 5000ms&#xD;
    - waiting for "https://dealcapture-test.mrp.net.nz/" navigation to finish... (5.0s)&#xD;
Closing Playwright browser...&#xD;
Playwright browser closed.</StdOut>
        <ErrorInfo>
          <Message>Microsoft.Playwright.PlaywrightException : Page URL expected not to match regex 'Error/Denied'&#xD;
But was: 'null' &#xD;
Call log:&#xD;
  - Expect "ToHaveURLAsync" with timeout 5000ms&#xD;
    - waiting for "https://dealcapture-test.mrp.net.nz/" navigation to finish...</Message>
          <StackTrace>   at Microsoft.Playwright.Core.AssertionsBase.ExpectImplAsync(String expression, FrameExpectOptions expectOptions, Object expected, String message, String title) in /_/src/Playwright/Core/AssertionsBase.cs:line 97&#xD;
   at Microsoft.Playwright.Core.AssertionsBase.ExpectImplAsync(String expression, ExpectedTextValue[] expectedText, Object expected, String message, String title, FrameExpectOptions options) in /_/src/Playwright/Core/AssertionsBase.cs:line 69&#xD;
   at Microsoft.Playwright.Core.AssertionsBase.ExpectImplAsync(String expression, ExpectedTextValue textValue, Object expected, String message, String title, FrameExpectOptions options) in /_/src/Playwright/Core/AssertionsBase.cs:line 61&#xD;
   at csharpMcp.Tests.StepDefinitions.DealCaptureCognitoSteps.ThenIShouldBeSignedInToDealCaptureAsAUser(String role) in C:\Playwright Resume 2026 Source\DotNetMCP\csharpMcp\tests\StepDefinitions\DealCaptureCognitoSteps.cs:line 115&#xD;
   at Reqnroll.Bindings.AsyncMethodHelper.ConvertTaskOfT(Task task, Boolean getValue)&#xD;
   at Reqnroll.Bindings.BindingDelegateInvoker.InvokeDelegateAsync(Delegate bindingDelegate, Object[] invokeArgs, ExecutionContextHolder executionContext)&#xD;
   at Reqnroll.Bindings.BindingInvoker.InvokeBindingAsync(IBinding binding, IContextManager contextManager, Object[] arguments, ITestTracer testTracer, DurationHolder durationHolder)&#xD;
   at Reqnroll.Infrastructure.TestExecutionEngine.ExecuteStepMatchAsync(BindingMatch match, Object[] arguments, DurationHolder durationHolder)&#xD;
   at Reqnroll.Infrastructure.TestExecutionEngine.ExecuteStepMatchAsync(BindingMatch match, Object[] arguments, DurationHolder durationHolder)&#xD;
   at Reqnroll.Infrastructure.TestExecutionEngine.&lt;&gt;c__DisplayClass57_0.&lt;&lt;ExecuteStepAsync&gt;b__7&gt;d.MoveNext()&#xD;
--- End of stack trace from previous location ---&#xD;
   at Reqnroll.Infrastructure.TestExecutionEngine.&lt;&gt;c__DisplayClass57_0.&lt;&lt;ExecuteStepAsync&gt;g__HandleStepExecutionExceptions|0&gt;d.MoveNext()&#xD;
   at Reqnroll.Infrastructure.TestExecutionEngine.OnAfterLastStepAsync()&#xD;
   at Reqnroll.TestRunner.CollectScenarioErrorsAsync()&#xD;
   at csharpMcp.Tests.Features.DealCaptureCognitoLoginFeature.ScenarioCleanupAsync()&#xD;
   at csharpMcp.Tests.Features.DealCaptureCognitoLoginFeature.SignInToDealCaptureWithACognitoTestAccount(String role, String username, String password, String __pickleIndex, String[] exampleTags) in C:\Playwright Resume 2026 Source\DotNetMCP\csharpMcp\tests\Features\DealCaptureCognitoLogin.feature:line 8&#xD;
   at NUnit.Framework.Internal.TaskAwaitAdapter.GenericAdapter`1.BlockUntilCompleted()&#xD;
   at NUnit.Framework.Internal.MessagePumpStrategy.NoMessagePumpStrategy.WaitForCompletion(AwaitAdapter awaiter)&#xD;
   at NUnit.Framework.Internal.AsyncToSyncAdapter.Await[TResult](TestExecutionContext context, Func`1 invoke)&#xD;
   at NUnit.Framework.Internal.AsyncToSyncAdapter.Await(TestExecutionContext context, Func`1 invoke)&#xD;
   at NUnit.Framework.Internal.Commands.TestMethodCommand.RunTestMethod(TestExecutionContext context)&#xD;
   at NUnit.Framework.Internal.Commands.TestMethodCommand.Execute(TestExecutionContext context)&#xD;
   at NUnit.Framework.Internal.Commands.BeforeAndAfterTestCommand.&lt;&gt;c__DisplayClass1_0.&lt;Execute&gt;b__0()&#xD;
   at NUnit.Framework.Internal.Commands.DelegatingTestCommand.RunTestMethodInThreadAbortSafeZone(TestExecutionContext context, Action action)
</StackTrace>
        </ErrorInfo>
      </Output>
    </UnitTestResult>
    <UnitTestResult executionId="b5634c3b-5030-4e11-bcff-a1371c62cb7c" testId="30715e59-8fa9-d066-e589-877b5ee0ea48" testName="SignInToDealCaptureWithACognitoTestAccount(&quot;write&quot;,&quot;MRP\\autoDealCapW&quot;,&quot;aEm_M3kG_WjC-_&quot;,&quot;1&quot;,null)" computerName="5CG451219F" duration="00:00:13.3970240" startTime="2026-09-15T15:31:37.4828542+12:00" endTime="2026-09-15T15:31:50.8798804+12:00" testType="13cdc9d9-ddb5-4fa4-a97d-d965ccfc6d4b" outcome="Passed" testListId="8c84fa94-04c1-424b-9868-57a2d4851a1d" relativeResultsDirectory="b5634c3b-5030-4e11-bcff-a1371c62cb7c">
      <Output>
        <StdOut>==========================================&#xD;
Starting Deal Capture test&#xD;
==========================================&#xD;
Starting Playwright...&#xD;
Starting Google Chrome on CDP port 57454...&#xD;
Launching Chrome in Incognito mode...&#xD;
Chrome process started.&#xD;
Waiting for Chrome remote debugging...&#xD;
Connecting Playwright to Chrome...&#xD;
Playwright connected to Chrome.&#xD;
Playwright page connected.&#xD;
Given I have Cognito credentials "MRP\autoDealCapW" and "aEm_M3kG_WjC-_"&#xD;
Cognito user: MRP\autoDealCapW&#xD;
Cognito password: ********&#xD;
-&gt; done: DealCaptureCognitoSteps.GivenIHaveCognitoCredentials("MRP\autoDealCapW", "aEm_M3kG_WjC-_") (0.0s)&#xD;
When I open the Deal Capture URL "https://dealcapture-test.mrp.net.nz/" in Cognito mode&#xD;
Opening Deal Capture URL: https://dealcapture-test.mrp.net.nz/&#xD;
Waiting for Chrome Sign in dialog...&#xD;
Waiting for Chrome authentication dialog...&#xD;
Entering username: MRP\autoDealCapW&#xD;
Entering password.&#xD;
Submitted Chrome authentication dialog.&#xD;
Navigation response: net::ERR_ABORTED at https://dealcapture-test.mrp.net.nz/&#xD;
Call log:&#xD;
  - navigating to "https://dealcapture-test.mrp.net.nz/", waiting until "commit"&#xD;
Current URL: about:blank&#xD;
-&gt; done: DealCaptureCognitoSteps.WhenIOpenTheDealCaptureUrlInCognitoMode("https://dealcaptu...") (8.3s)&#xD;
Then I should be signed in to Deal Capture as a "write" user&#xD;
==========================================&#xD;
Testing role: write&#xD;
Current URL: about:blank&#xD;
Page title: Loading http://mrp/autoDealCapWaEm_M3kG_WjC-_&#xD;
==========================================&#xD;
-&gt; done: DealCaptureCognitoSteps.ThenIShouldBeSignedInToDealCaptureAsAUser("write") (3.9s)&#xD;
Closing Playwright browser...&#xD;
Playwright browser closed.</StdOut>
      </Output>
    </UnitTestResult>
  </Results>
  <TestDefinitions>
    <UnitTest name="SignInToDealCaptureWithACognitoTestAccount(&quot;authorize&quot;,&quot;MRP\\autoDealCapA&quot;,&quot;aEm_M3kG_WjC-_&quot;,&quot;2&quot;,null)" storage="c:\playwright resume 2026 source\dotnetmcp\csharpmcp\bin\debug\net10.0-windows\csharpmcp.dll" id="2914eb75-6f9f-7c4d-8b31-61d539073f58">
      <Execution id="f5fbe3f6-9341-478b-8914-b94756004a45" />
      <TestMethod codeBase="C:\Playwright Resume 2026 Source\DotNetMCP\csharpMcp\bin\Debug\net10.0-windows\csharpMcp.dll" adapterTypeName="executor://nunit3testexecutor/" className="csharpMcp.Tests.Features.DealCaptureCognitoLoginFeature" name="SignInToDealCaptureWithACognitoTestAccount(&quot;authorize&quot;,&quot;MRP\\autoDealCapA&quot;,&quot;aEm_M3kG_WjC-_&quot;,&quot;2&quot;,null)" />
    </UnitTest>
    <UnitTest name="SignInToDealCaptureWithACognitoTestAccount(&quot;write&quot;,&quot;MRP\\autoDealCapW&quot;,&quot;aEm_M3kG_WjC-_&quot;,&quot;1&quot;,null)" storage="c:\playwright resume 2026 source\dotnetmcp\csharpmcp\bin\debug\net10.0-windows\csharpmcp.dll" id="30715e59-8fa9-d066-e589-877b5ee0ea48">
      <Execution id="b5634c3b-5030-4e11-bcff-a1371c62cb7c" />
      <TestMethod codeBase="C:\Playwright Resume 2026 Source\DotNetMCP\csharpMcp\bin\Debug\net10.0-windows\csharpMcp.dll" adapterTypeName="executor://nunit3testexecutor/" className="csharpMcp.Tests.Features.DealCaptureCognitoLoginFeature" name="SignInToDealCaptureWithACognitoTestAccount(&quot;write&quot;,&quot;MRP\\autoDealCapW&quot;,&quot;aEm_M3kG_WjC-_&quot;,&quot;1&quot;,null)" />
    </UnitTest>
    <UnitTest name="SignInToDealCaptureWithACognitoTestAccount(&quot;read&quot;,&quot;MRP\\autoDealCapR&quot;,&quot;aEm_M3kG_WjC-_&quot;,&quot;0&quot;,null)" storage="c:\playwright resume 2026 source\dotnetmcp\csharpmcp\bin\debug\net10.0-windows\csharpmcp.dll" id="534d4f1c-2c6f-5e77-2f64-c099214fd433">
      <Execution id="e5329e54-4342-4fad-bf4d-c7440dea0ac2" />
      <TestMethod codeBase="C:\Playwright Resume 2026 Source\DotNetMCP\csharpMcp\bin\Debug\net10.0-windows\csharpMcp.dll" adapterTypeName="executor://nunit3testexecutor/" className="csharpMcp.Tests.Features.DealCaptureCognitoLoginFeature" name="SignInToDealCaptureWithACognitoTestAccount(&quot;read&quot;,&quot;MRP\\autoDealCapR&quot;,&quot;aEm_M3kG_WjC-_&quot;,&quot;0&quot;,null)" />
    </UnitTest>
  </TestDefinitions>
  <TestEntries>
    <TestEntry testId="2914eb75-6f9f-7c4d-8b31-61d539073f58" executionId="f5fbe3f6-9341-478b-8914-b94756004a45" testListId="8c84fa94-04c1-424b-9868-57a2d4851a1d" />
    <TestEntry testId="534d4f1c-2c6f-5e77-2f64-c099214fd433" executionId="e5329e54-4342-4fad-bf4d-c7440dea0ac2" testListId="8c84fa94-04c1-424b-9868-57a2d4851a1d" />
    <TestEntry testId="30715e59-8fa9-d066-e589-877b5ee0ea48" executionId="b5634c3b-5030-4e11-bcff-a1371c62cb7c" testListId="8c84fa94-04c1-424b-9868-57a2d4851a1d" />
  </TestEntries>
  <TestLists>
    <TestList name="Results Not in a List" id="8c84fa94-04c1-424b-9868-57a2d4851a1d" />
    <TestList name="All Loaded Results" id="19431567-8539-422a-85d7-44ee4e166bda" />
  </TestLists>
  <ResultSummary outcome="Failed">
    <Counters total="3" executed="3" passed="1" failed="2" error="0" timeout="0" aborted="0" inconclusive="0" passedButRunAborted="0" notRunnable="0" notExecuted="0" disconnected="0" warning="0" completed="0" inProgress="0" pending="0" />
    <Output>
      <StdOut>NUnit Adapter 5.0.0.0: Test execution started&#xD;
Running selected tests in C:\Playwright Resume 2026 Source\DotNetMCP\csharpMcp\bin\Debug\net10.0-windows\csharpMcp.dll&#xD;
   NUnit3TestExecutor discovered 3 of 3 NUnit test cases using Current Discovery mode, Non-Explicit run&#xD;
==========================================&#xD;
Starting Deal Capture test&#xD;
==========================================&#xD;
Starting Playwright...&#xD;
Starting Google Chrome on CDP port 57023...&#xD;
Launching Chrome in Incognito mode...&#xD;
Chrome process started.&#xD;
Waiting for Chrome remote debugging...&#xD;
Connecting Playwright to Chrome...&#xD;
Playwright connected to Chrome.&#xD;
Playwright page connected.&#xD;
Given I have Cognito credentials "MRP\autoDealCapR" and "aEm_M3kG_WjC-_"&#xD;
Cognito user: MRP\autoDealCapR&#xD;
Cognito password: ********&#xD;
-&gt; done: DealCaptureCognitoSteps.GivenIHaveCognitoCredentials("MRP\autoDealCapR", "aEm_M3kG_WjC-_") (0.0s)&#xD;
When I open the Deal Capture URL "https://dealcapture-test.mrp.net.nz/" in Cognito mode&#xD;
Opening Deal Capture URL: https://dealcapture-test.mrp.net.nz/&#xD;
Waiting for Chrome Sign in dialog...&#xD;
Waiting for Chrome authentication dialog...&#xD;
Entering username: MRP\autoDealCapR&#xD;
Entering password.&#xD;
Submitted Chrome authentication dialog.&#xD;
Navigation response: net::ERR_INVALID_AUTH_CREDENTIALS at https://dealcapture-test.mrp.net.nz/&#xD;
Call log:&#xD;
  - navigating to "https://dealcapture-test.mrp.net.nz/", waiting until "commit"&#xD;
Current URL: chrome-error://chromewebdata/&#xD;
-&gt; done: DealCaptureCognitoSteps.WhenIOpenTheDealCaptureUrlInCognitoMode("https://dealcaptu...") (8.4s)&#xD;
Then I should be signed in to Deal Capture as a "read" user&#xD;
==========================================&#xD;
Testing role: read&#xD;
Current URL: chrome-error://chromewebdata/&#xD;
Page title: Loading https://dealcapture-test.mrp.net.nz/&#xD;
==========================================&#xD;
-&gt; error: Page URL expected not to match regex 'Error/Denied'&#xD;
But was: 'null' &#xD;
Call log:&#xD;
  - Expect "ToHaveURLAsync" with timeout 5000ms&#xD;
    - waiting for "https://dealcapture-test.mrp.net.nz/" navigation to finish... (5.0s)&#xD;
Closing Playwright browser...&#xD;
Playwright browser closed.&#xD;
&#xD;
==========================================&#xD;
Starting Deal Capture test&#xD;
==========================================&#xD;
Starting Playwright...&#xD;
Starting Google Chrome on CDP port 57454...&#xD;
Launching Chrome in Incognito mode...&#xD;
Chrome process started.&#xD;
Waiting for Chrome remote debugging...&#xD;
Connecting Playwright to Chrome...&#xD;
Playwright connected to Chrome.&#xD;
Playwright page connected.&#xD;
Given I have Cognito credentials "MRP\autoDealCapW" and "aEm_M3kG_WjC-_"&#xD;
Cognito user: MRP\autoDealCapW&#xD;
Cognito password: ********&#xD;
-&gt; done: DealCaptureCognitoSteps.GivenIHaveCognitoCredentials("MRP\autoDealCapW", "aEm_M3kG_WjC-_") (0.0s)&#xD;
When I open the Deal Capture URL "https://dealcapture-test.mrp.net.nz/" in Cognito mode&#xD;
Opening Deal Capture URL: https://dealcapture-test.mrp.net.nz/&#xD;
Waiting for Chrome Sign in dialog...&#xD;
Waiting for Chrome authentication dialog...&#xD;
Entering username: MRP\autoDealCapW&#xD;
Entering password.&#xD;
Submitted Chrome authentication dialog.&#xD;
Navigation response: net::ERR_ABORTED at https://dealcapture-test.mrp.net.nz/&#xD;
Call log:&#xD;
  - navigating to "https://dealcapture-test.mrp.net.nz/", waiting until "commit"&#xD;
Current URL: about:blank&#xD;
-&gt; done: DealCaptureCognitoSteps.WhenIOpenTheDealCaptureUrlInCognitoMode("https://dealcaptu...") (8.3s)&#xD;
Then I should be signed in to Deal Capture as a "write" user&#xD;
==========================================&#xD;
Testing role: write&#xD;
Current URL: about:blank&#xD;
Page title: Loading http://mrp/autoDealCapWaEm_M3kG_WjC-_&#xD;
==========================================&#xD;
-&gt; done: DealCaptureCognitoSteps.ThenIShouldBeSignedInToDealCaptureAsAUser("write") (3.9s)&#xD;
Closing Playwright browser...&#xD;
Playwright browser closed.&#xD;
&#xD;
==========================================&#xD;
Starting Deal Capture test&#xD;
==========================================&#xD;
Starting Playwright...&#xD;
Starting Google Chrome on CDP port 62998...&#xD;
Launching Chrome in Incognito mode...&#xD;
Chrome process started.&#xD;
Waiting for Chrome remote debugging...&#xD;
Connecting Playwright to Chrome...&#xD;
Playwright connected to Chrome.&#xD;
Playwright page connected.&#xD;
Given I have Cognito credentials "MRP\autoDealCapA" and "aEm_M3kG_WjC-_"&#xD;
Cognito user: MRP\autoDealCapA&#xD;
Cognito password: ********&#xD;
-&gt; done: DealCaptureCognitoSteps.GivenIHaveCognitoCredentials("MRP\autoDealCapA", "aEm_M3kG_WjC-_") (0.0s)&#xD;
When I open the Deal Capture URL "https://dealcapture-test.mrp.net.nz/" in Cognito mode&#xD;
Opening Deal Capture URL: https://dealcapture-test.mrp.net.nz/&#xD;
Waiting for Chrome Sign in dialog...&#xD;
Waiting for Chrome authentication dialog...&#xD;
Entering username: MRP\autoDealCapA&#xD;
Entering password.&#xD;
Submitted Chrome authentication dialog.&#xD;
Navigation response: net::ERR_INVALID_AUTH_CREDENTIALS at https://dealcapture-test.mrp.net.nz/&#xD;
Call log:&#xD;
  - navigating to "https://dealcapture-test.mrp.net.nz/", waiting until "commit"&#xD;
Current URL: chrome-error://chromewebdata/&#xD;
-&gt; done: DealCaptureCognitoSteps.WhenIOpenTheDealCaptureUrlInCognitoMode("https://dealcaptu...") (8.2s)&#xD;
Then I should be signed in to Deal Capture as a "authorize" user&#xD;
==========================================&#xD;
Testing role: authorize&#xD;
Current URL: chrome-error://chromewebdata/&#xD;
Page title: Loading https://dealcapture-test.mrp.net.nz/&#xD;
==========================================&#xD;
-&gt; error: Page URL expected not to match regex 'Error/Denied'&#xD;
But was: 'null' &#xD;
Call log:&#xD;
  - Expect "ToHaveURLAsync" with timeout 5000ms&#xD;
    - waiting for "https://dealcapture-test.mrp.net.nz/" navigation to finish... (5.0s)&#xD;
Closing Playwright browser...&#xD;
Playwright browser closed.&#xD;
&#xD;
NUnit Adapter 5.0.0.0: Test execution complete&#xD;
</StdOut>
    </Output>
  </ResultSummary>
</TestRun>