<?xml version="1.0" encoding="utf-8"?>
<TestRun id="81111444-6ec3-4a3d-afd4-96ef2b4ab0e5" name="WardhanJa@5CG451219F 2026-09-15 12:30:11" runUser="TPOWER\WardhanJa" xmlns="http://microsoft.com/schemas/VisualStudio/TeamTest/2010">
  <Times creation="2026-09-15T12:30:11.3710385+12:00" queuing="2026-09-15T12:30:11.3710397+12:00" start="2026-09-15T12:29:35.0961278+12:00" finish="2026-09-15T12:30:59.3483998+12:00" />
  <TestSettings name="default" id="d74d59c4-707b-4283-bd61-412aabf54d4b">
    <Deployment runDeploymentRoot="WardhanJa_5CG451219F_2026-09-15_12_30_11" />
  </TestSettings>
  <Results>
    <UnitTestResult executionId="950e9dfa-fc13-4a26-8407-33b0f754df49" testId="30715e59-8fa9-d066-e589-877b5ee0ea48" testName="SignInToDealCaptureWithACognitoTestAccount(&quot;write&quot;,&quot;MRP\\autoDealCapW&quot;,&quot;aEm_M3kG_WjC-_&quot;,&quot;1&quot;,null)" computerName="5CG451219F" duration="00:00:23.9682960" startTime="2026-09-15T12:30:11.3167440+12:00" endTime="2026-09-15T12:30:35.2855288+12:00" testType="13cdc9d9-ddb5-4fa4-a97d-d965ccfc6d4b" outcome="Failed" testListId="8c84fa94-04c1-424b-9868-57a2d4851a1d" relativeResultsDirectory="950e9dfa-fc13-4a26-8407-33b0f754df49">
      <Output>
        <StdOut>==========================================&#xD;
Starting Deal Capture test&#xD;
Username: MRP\autoDealCapW&#xD;
Password: ********&#xD;
==========================================&#xD;
Starting Playwright...&#xD;
Launching Google Chrome...&#xD;
Creating isolated browser context...&#xD;
HTTP authentication credentials configured.&#xD;
Playwright page created.&#xD;
Given I have Cognito credentials "MRP\autoDealCapW" and "aEm_M3kG_WjC-_"&#xD;
Cognito user: MRP\autoDealCapW&#xD;
Cognito password: ********&#xD;
-&gt; done: DealCaptureCognitoSteps.GivenIHaveCognitoCredentials("MRP\autoDealCapW", "aEm_M3kG_WjC-_") (0.0s)&#xD;
When I open the Deal Capture URL "https://dealcapture-test.mrp.net.nz/" in Cognito mode&#xD;
Opening Deal Capture URL: https://dealcapture-test.mrp.net.nz/&#xD;
Waiting for Chrome Sign in dialog...&#xD;
Waiting for Chrome authentication dialog...&#xD;
-&gt; error: Chrome 'Sign in' authentication dialog was not found. (22.2s)&#xD;
Then I should be signed in to Deal Capture as a "write" user&#xD;
-&gt; skipped because of previous errors&#xD;
Closing Playwright browser...&#xD;
Playwright browser closed.</StdOut>
        <ErrorInfo>
          <Message>System.InvalidOperationException : Chrome 'Sign in' authentication dialog was not found.</Message>
          <StackTrace>   at csharpMcp.Tests.Drivers.NativeAuthenticationDialog.SignInAsync(String username, String password, Int32 timeoutSeconds) in C:\Playwright Resume 2026 Source\DotNetMCP\csharpMcp\tests\Drivers\NativeAuthenticationDialog.cs:line 35&#xD;
   at csharpMcp.Tests.StepDefinitions.DealCaptureCognitoSteps.WhenIOpenTheDealCaptureUrlInCognitoMode(String url) in C:\Playwright Resume 2026 Source\DotNetMCP\csharpMcp\tests\StepDefinitions\DealCaptureCognitoSteps.cs:line 72&#xD;
   at Reqnroll.Bindings.AsyncMethodHelper.ConvertTaskOfT(Task task, Boolean getValue)&#xD;
   at Reqnroll.Bindings.BindingDelegateInvoker.InvokeDelegateAsync(Delegate bindingDelegate, Object[] invokeArgs, ExecutionContextHolder executionContext)&#xD;
   at Reqnroll.Bindings.BindingInvoker.InvokeBindingAsync(IBinding binding, IContextManager contextManager, Object[] arguments, ITestTracer testTracer, DurationHolder durationHolder)&#xD;
   at Reqnroll.Infrastructure.TestExecutionEngine.ExecuteStepMatchAsync(BindingMatch match, Object[] arguments, DurationHolder durationHolder)&#xD;
   at Reqnroll.Infrastructure.TestExecutionEngine.ExecuteStepMatchAsync(BindingMatch match, Object[] arguments, DurationHolder durationHolder)&#xD;
   at Reqnroll.Infrastructure.TestExecutionEngine.&lt;&gt;c__DisplayClass57_0.&lt;&lt;ExecuteStepAsync&gt;b__7&gt;d.MoveNext()&#xD;
--- End of stack trace from previous location ---&#xD;
   at Reqnroll.Infrastructure.TestExecutionEngine.&lt;&gt;c__DisplayClass57_0.&lt;&lt;ExecuteStepAsync&gt;g__HandleStepExecutionExceptions|0&gt;d.MoveNext()&#xD;
   at Reqnroll.Infrastructure.TestExecutionEngine.OnAfterLastStepAsync()&#xD;
   at Reqnroll.TestRunner.CollectScenarioErrorsAsync()&#xD;
   at csharpMcp.Tests.Features.DealCaptureCognitoLoginFeature.ScenarioCleanupAsync()&#xD;
   at csharpMcp.Tests.Features.DealCaptureCognitoLoginFeature.SignInToDealCaptureWithACognitoTestAccount(String role, String username, String password, String __pickleIndex, String[] exampleTags) in C:\Playwright Resume 2026 Source\DotNetMCP\csharpMcp\tests\Features\DealCaptureCognitoLogin.feature:line 8&#xD;
   at NUnit.Framework.Internal.TaskAwaitAdapter.GenericAdapter`1.BlockUntilCompleted()&#xD;
   at NUnit.Framework.Internal.MessagePumpStrategy.NoMessagePumpStrategy.WaitForCompletion(AwaitAdapter awaiter)&#xD;
   at NUnit.Framework.Internal.AsyncToSyncAdapter.Await[TResult](TestExecutionContext context, Func`1 invoke)&#xD;
   at NUnit.Framework.Internal.AsyncToSyncAdapter.Await(TestExecutionContext context, Func`1 invoke)&#xD;
   at NUnit.Framework.Internal.Commands.TestMethodCommand.RunTestMethod(TestExecutionContext context)&#xD;
   at NUnit.Framework.Internal.Commands.TestMethodCommand.Execute(TestExecutionContext context)&#xD;
   at NUnit.Framework.Internal.Commands.BeforeAndAfterTestCommand.&lt;&gt;c__DisplayClass1_0.&lt;Execute&gt;b__0()&#xD;
   at NUnit.Framework.Internal.Commands.DelegatingTestCommand.RunTestMethodInThreadAbortSafeZone(TestExecutionContext context, Action action)
</StackTrace>
        </ErrorInfo>
      </Output>
    </UnitTestResult>
    <UnitTestResult executionId="e4282450-edec-480e-84de-afdc56f09f84" testId="2914eb75-6f9f-7c4d-8b31-61d539073f58" testName="SignInToDealCaptureWithACognitoTestAccount(&quot;authorize&quot;,&quot;MRP\\autoDealCapA&quot;,&quot;aEm_M3kG_WjC-_&quot;,&quot;2&quot;,null)" computerName="5CG451219F" duration="00:00:23.9626650" startTime="2026-09-15T12:30:35.2856236+12:00" endTime="2026-09-15T12:30:59.2487765+12:00" testType="13cdc9d9-ddb5-4fa4-a97d-d965ccfc6d4b" outcome="Failed" testListId="8c84fa94-04c1-424b-9868-57a2d4851a1d" relativeResultsDirectory="e4282450-edec-480e-84de-afdc56f09f84">
      <Output>
        <StdOut>==========================================&#xD;
Starting Deal Capture test&#xD;
Username: MRP\autoDealCapA&#xD;
Password: ********&#xD;
==========================================&#xD;
Starting Playwright...&#xD;
Launching Google Chrome...&#xD;
Creating isolated browser context...&#xD;
HTTP authentication credentials configured.&#xD;
Playwright page created.&#xD;
Given I have Cognito credentials "MRP\autoDealCapA" and "aEm_M3kG_WjC-_"&#xD;
Cognito user: MRP\autoDealCapA&#xD;
Cognito password: ********&#xD;
-&gt; done: DealCaptureCognitoSteps.GivenIHaveCognitoCredentials("MRP\autoDealCapA", "aEm_M3kG_WjC-_") (0.0s)&#xD;
When I open the Deal Capture URL "https://dealcapture-test.mrp.net.nz/" in Cognito mode&#xD;
Opening Deal Capture URL: https://dealcapture-test.mrp.net.nz/&#xD;
Waiting for Chrome Sign in dialog...&#xD;
Waiting for Chrome authentication dialog...&#xD;
-&gt; error: Chrome 'Sign in' authentication dialog was not found. (22.2s)&#xD;
Then I should be signed in to Deal Capture as a "authorize" user&#xD;
-&gt; skipped because of previous errors&#xD;
Closing Playwright browser...&#xD;
Playwright browser closed.</StdOut>
        <ErrorInfo>
          <Message>System.InvalidOperationException : Chrome 'Sign in' authentication dialog was not found.</Message>
          <StackTrace>   at csharpMcp.Tests.Drivers.NativeAuthenticationDialog.SignInAsync(String username, String password, Int32 timeoutSeconds) in C:\Playwright Resume 2026 Source\DotNetMCP\csharpMcp\tests\Drivers\NativeAuthenticationDialog.cs:line 35&#xD;
   at csharpMcp.Tests.StepDefinitions.DealCaptureCognitoSteps.WhenIOpenTheDealCaptureUrlInCognitoMode(String url) in C:\Playwright Resume 2026 Source\DotNetMCP\csharpMcp\tests\StepDefinitions\DealCaptureCognitoSteps.cs:line 72&#xD;
   at Reqnroll.Bindings.AsyncMethodHelper.ConvertTaskOfT(Task task, Boolean getValue)&#xD;
   at Reqnroll.Bindings.BindingDelegateInvoker.InvokeDelegateAsync(Delegate bindingDelegate, Object[] invokeArgs, ExecutionContextHolder executionContext)&#xD;
   at Reqnroll.Bindings.BindingInvoker.InvokeBindingAsync(IBinding binding, IContextManager contextManager, Object[] arguments, ITestTracer testTracer, DurationHolder durationHolder)&#xD;
   at Reqnroll.Infrastructure.TestExecutionEngine.ExecuteStepMatchAsync(BindingMatch match, Object[] arguments, DurationHolder durationHolder)&#xD;
   at Reqnroll.Infrastructure.TestExecutionEngine.ExecuteStepMatchAsync(BindingMatch match, Object[] arguments, DurationHolder durationHolder)&#xD;
   at Reqnroll.Infrastructure.TestExecutionEngine.&lt;&gt;c__DisplayClass57_0.&lt;&lt;ExecuteStepAsync&gt;b__7&gt;d.MoveNext()&#xD;
--- End of stack trace from previous location ---&#xD;
   at Reqnroll.Infrastructure.TestExecutionEngine.&lt;&gt;c__DisplayClass57_0.&lt;&lt;ExecuteStepAsync&gt;g__HandleStepExecutionExceptions|0&gt;d.MoveNext()&#xD;
   at Reqnroll.Infrastructure.TestExecutionEngine.OnAfterLastStepAsync()&#xD;
   at Reqnroll.TestRunner.CollectScenarioErrorsAsync()&#xD;
   at csharpMcp.Tests.Features.DealCaptureCognitoLoginFeature.ScenarioCleanupAsync()&#xD;
   at csharpMcp.Tests.Features.DealCaptureCognitoLoginFeature.SignInToDealCaptureWithACognitoTestAccount(String role, String username, String password, String __pickleIndex, String[] exampleTags) in C:\Playwright Resume 2026 Source\DotNetMCP\csharpMcp\tests\Features\DealCaptureCognitoLogin.feature:line 8&#xD;
   at NUnit.Framework.Internal.TaskAwaitAdapter.GenericAdapter`1.BlockUntilCompleted()&#xD;
   at NUnit.Framework.Internal.MessagePumpStrategy.NoMessagePumpStrategy.WaitForCompletion(AwaitAdapter awaiter)&#xD;
   at NUnit.Framework.Internal.AsyncToSyncAdapter.Await[TResult](TestExecutionContext context, Func`1 invoke)&#xD;
   at NUnit.Framework.Internal.AsyncToSyncAdapter.Await(TestExecutionContext context, Func`1 invoke)&#xD;
   at NUnit.Framework.Internal.Commands.TestMethodCommand.RunTestMethod(TestExecutionContext context)&#xD;
   at NUnit.Framework.Internal.Commands.TestMethodCommand.Execute(TestExecutionContext context)&#xD;
   at NUnit.Framework.Internal.Commands.BeforeAndAfterTestCommand.&lt;&gt;c__DisplayClass1_0.&lt;Execute&gt;b__0()&#xD;
   at NUnit.Framework.Internal.Commands.DelegatingTestCommand.RunTestMethodInThreadAbortSafeZone(TestExecutionContext context, Action action)
</StackTrace>
        </ErrorInfo>
      </Output>
    </UnitTestResult>
    <UnitTestResult executionId="76ba07a1-6ab5-4197-b74e-dd5a25bec275" testId="534d4f1c-2c6f-5e77-2f64-c099214fd433" testName="SignInToDealCaptureWithACognitoTestAccount(&quot;read&quot;,&quot;MRP\\autoDealCapR&quot;,&quot;aEm_M3kG_WjC-_&quot;,&quot;0&quot;,null)" computerName="5CG451219F" duration="00:00:28.5446090" startTime="2026-09-15T12:29:42.7692876+12:00" endTime="2026-09-15T12:30:11.3143990+12:00" testType="13cdc9d9-ddb5-4fa4-a97d-d965ccfc6d4b" outcome="Failed" testListId="8c84fa94-04c1-424b-9868-57a2d4851a1d" relativeResultsDirectory="76ba07a1-6ab5-4197-b74e-dd5a25bec275">
      <Output>
        <StdOut>==========================================&#xD;
Starting Deal Capture test&#xD;
Username: MRP\autoDealCapR&#xD;
Password: ********&#xD;
==========================================&#xD;
Starting Playwright...&#xD;
Launching Google Chrome...&#xD;
Creating isolated browser context...&#xD;
HTTP authentication credentials configured.&#xD;
Playwright page created.&#xD;
Given I have Cognito credentials "MRP\autoDealCapR" and "aEm_M3kG_WjC-_"&#xD;
Cognito user: MRP\autoDealCapR&#xD;
Cognito password: ********&#xD;
-&gt; done: DealCaptureCognitoSteps.GivenIHaveCognitoCredentials("MRP\autoDealCapR", "aEm_M3kG_WjC-_") (0.0s)&#xD;
When I open the Deal Capture URL "https://dealcapture-test.mrp.net.nz/" in Cognito mode&#xD;
Opening Deal Capture URL: https://dealcapture-test.mrp.net.nz/&#xD;
Waiting for Chrome Sign in dialog...&#xD;
Waiting for Chrome authentication dialog...&#xD;
-&gt; error: Chrome 'Sign in' authentication dialog was not found. (22.0s)&#xD;
Then I should be signed in to Deal Capture as a "read" user&#xD;
-&gt; skipped because of previous errors&#xD;
Closing Playwright browser...&#xD;
Playwright browser closed.</StdOut>
        <ErrorInfo>
          <Message>System.InvalidOperationException : Chrome 'Sign in' authentication dialog was not found.</Message>
          <StackTrace>   at csharpMcp.Tests.Drivers.NativeAuthenticationDialog.SignInAsync(String username, String password, Int32 timeoutSeconds) in C:\Playwright Resume 2026 Source\DotNetMCP\csharpMcp\tests\Drivers\NativeAuthenticationDialog.cs:line 35&#xD;
   at csharpMcp.Tests.StepDefinitions.DealCaptureCognitoSteps.WhenIOpenTheDealCaptureUrlInCognitoMode(String url) in C:\Playwright Resume 2026 Source\DotNetMCP\csharpMcp\tests\StepDefinitions\DealCaptureCognitoSteps.cs:line 72&#xD;
   at Reqnroll.Bindings.AsyncMethodHelper.ConvertTaskOfT(Task task, Boolean getValue)&#xD;
   at Reqnroll.Bindings.BindingDelegateInvoker.InvokeDelegateAsync(Delegate bindingDelegate, Object[] invokeArgs, ExecutionContextHolder executionContext)&#xD;
   at Reqnroll.Bindings.BindingInvoker.InvokeBindingAsync(IBinding binding, IContextManager contextManager, Object[] arguments, ITestTracer testTracer, DurationHolder durationHolder)&#xD;
   at Reqnroll.Infrastructure.TestExecutionEngine.ExecuteStepMatchAsync(BindingMatch match, Object[] arguments, DurationHolder durationHolder)&#xD;
   at Reqnroll.Infrastructure.TestExecutionEngine.ExecuteStepMatchAsync(BindingMatch match, Object[] arguments, DurationHolder durationHolder)&#xD;
   at Reqnroll.Infrastructure.TestExecutionEngine.&lt;&gt;c__DisplayClass57_0.&lt;&lt;ExecuteStepAsync&gt;b__7&gt;d.MoveNext()&#xD;
--- End of stack trace from previous location ---&#xD;
   at Reqnroll.Infrastructure.TestExecutionEngine.&lt;&gt;c__DisplayClass57_0.&lt;&lt;ExecuteStepAsync&gt;g__HandleStepExecutionExceptions|0&gt;d.MoveNext()&#xD;
   at Reqnroll.Infrastructure.TestExecutionEngine.OnAfterLastStepAsync()&#xD;
   at Reqnroll.TestRunner.CollectScenarioErrorsAsync()&#xD;
   at csharpMcp.Tests.Features.DealCaptureCognitoLoginFeature.ScenarioCleanupAsync()&#xD;
   at csharpMcp.Tests.Features.DealCaptureCognitoLoginFeature.SignInToDealCaptureWithACognitoTestAccount(String role, String username, String password, String __pickleIndex, String[] exampleTags) in C:\Playwright Resume 2026 Source\DotNetMCP\csharpMcp\tests\Features\DealCaptureCognitoLogin.feature:line 8&#xD;
   at NUnit.Framework.Internal.TaskAwaitAdapter.GenericAdapter`1.BlockUntilCompleted()&#xD;
   at NUnit.Framework.Internal.MessagePumpStrategy.NoMessagePumpStrategy.WaitForCompletion(AwaitAdapter awaiter)&#xD;
   at NUnit.Framework.Internal.AsyncToSyncAdapter.Await[TResult](TestExecutionContext context, Func`1 invoke)&#xD;
   at NUnit.Framework.Internal.AsyncToSyncAdapter.Await(TestExecutionContext context, Func`1 invoke)&#xD;
   at NUnit.Framework.Internal.Commands.TestMethodCommand.RunTestMethod(TestExecutionContext context)&#xD;
   at NUnit.Framework.Internal.Commands.TestMethodCommand.Execute(TestExecutionContext context)&#xD;
   at NUnit.Framework.Internal.Commands.BeforeAndAfterTestCommand.&lt;&gt;c__DisplayClass1_0.&lt;Execute&gt;b__0()&#xD;
   at NUnit.Framework.Internal.Commands.DelegatingTestCommand.RunTestMethodInThreadAbortSafeZone(TestExecutionContext context, Action action)
</StackTrace>
        </ErrorInfo>
      </Output>
    </UnitTestResult>
  </Results>
  <TestDefinitions>
    <UnitTest name="SignInToDealCaptureWithACognitoTestAccount(&quot;authorize&quot;,&quot;MRP\\autoDealCapA&quot;,&quot;aEm_M3kG_WjC-_&quot;,&quot;2&quot;,null)" storage="c:\playwright resume 2026 source\dotnetmcp\csharpmcp\bin\debug\net10.0-windows\csharpmcp.dll" id="2914eb75-6f9f-7c4d-8b31-61d539073f58">
      <Execution id="e4282450-edec-480e-84de-afdc56f09f84" />
      <TestMethod codeBase="C:\Playwright Resume 2026 Source\DotNetMCP\csharpMcp\bin\Debug\net10.0-windows\csharpMcp.dll" adapterTypeName="executor://nunit3testexecutor/" className="csharpMcp.Tests.Features.DealCaptureCognitoLoginFeature" name="SignInToDealCaptureWithACognitoTestAccount(&quot;authorize&quot;,&quot;MRP\\autoDealCapA&quot;,&quot;aEm_M3kG_WjC-_&quot;,&quot;2&quot;,null)" />
    </UnitTest>
    <UnitTest name="SignInToDealCaptureWithACognitoTestAccount(&quot;write&quot;,&quot;MRP\\autoDealCapW&quot;,&quot;aEm_M3kG_WjC-_&quot;,&quot;1&quot;,null)" storage="c:\playwright resume 2026 source\dotnetmcp\csharpmcp\bin\debug\net10.0-windows\csharpmcp.dll" id="30715e59-8fa9-d066-e589-877b5ee0ea48">
      <Execution id="950e9dfa-fc13-4a26-8407-33b0f754df49" />
      <TestMethod codeBase="C:\Playwright Resume 2026 Source\DotNetMCP\csharpMcp\bin\Debug\net10.0-windows\csharpMcp.dll" adapterTypeName="executor://nunit3testexecutor/" className="csharpMcp.Tests.Features.DealCaptureCognitoLoginFeature" name="SignInToDealCaptureWithACognitoTestAccount(&quot;write&quot;,&quot;MRP\\autoDealCapW&quot;,&quot;aEm_M3kG_WjC-_&quot;,&quot;1&quot;,null)" />
    </UnitTest>
    <UnitTest name="SignInToDealCaptureWithACognitoTestAccount(&quot;read&quot;,&quot;MRP\\autoDealCapR&quot;,&quot;aEm_M3kG_WjC-_&quot;,&quot;0&quot;,null)" storage="c:\playwright resume 2026 source\dotnetmcp\csharpmcp\bin\debug\net10.0-windows\csharpmcp.dll" id="534d4f1c-2c6f-5e77-2f64-c099214fd433">
      <Execution id="76ba07a1-6ab5-4197-b74e-dd5a25bec275" />
      <TestMethod codeBase="C:\Playwright Resume 2026 Source\DotNetMCP\csharpMcp\bin\Debug\net10.0-windows\csharpMcp.dll" adapterTypeName="executor://nunit3testexecutor/" className="csharpMcp.Tests.Features.DealCaptureCognitoLoginFeature" name="SignInToDealCaptureWithACognitoTestAccount(&quot;read&quot;,&quot;MRP\\autoDealCapR&quot;,&quot;aEm_M3kG_WjC-_&quot;,&quot;0&quot;,null)" />
    </UnitTest>
  </TestDefinitions>
  <TestEntries>
    <TestEntry testId="30715e59-8fa9-d066-e589-877b5ee0ea48" executionId="950e9dfa-fc13-4a26-8407-33b0f754df49" testListId="8c84fa94-04c1-424b-9868-57a2d4851a1d" />
    <TestEntry testId="2914eb75-6f9f-7c4d-8b31-61d539073f58" executionId="e4282450-edec-480e-84de-afdc56f09f84" testListId="8c84fa94-04c1-424b-9868-57a2d4851a1d" />
    <TestEntry testId="534d4f1c-2c6f-5e77-2f64-c099214fd433" executionId="76ba07a1-6ab5-4197-b74e-dd5a25bec275" testListId="8c84fa94-04c1-424b-9868-57a2d4851a1d" />
  </TestEntries>
  <TestLists>
    <TestList name="Results Not in a List" id="8c84fa94-04c1-424b-9868-57a2d4851a1d" />
    <TestList name="All Loaded Results" id="19431567-8539-422a-85d7-44ee4e166bda" />
  </TestLists>
  <ResultSummary outcome="Failed">
    <Counters total="3" executed="3" passed="0" failed="3" error="0" timeout="0" aborted="0" inconclusive="0" passedButRunAborted="0" notRunnable="0" notExecuted="0" disconnected="0" warning="0" completed="0" inProgress="0" pending="0" />
    <Output>
      <StdOut>NUnit Adapter 5.0.0.0: Test execution started&#xD;
Running selected tests in C:\Playwright Resume 2026 Source\DotNetMCP\csharpMcp\bin\Debug\net10.0-windows\csharpMcp.dll&#xD;
   NUnit3TestExecutor discovered 3 of 3 NUnit test cases using Current Discovery mode, Non-Explicit run&#xD;
==========================================&#xD;
Starting Deal Capture test&#xD;
Username: MRP\autoDealCapR&#xD;
Password: ********&#xD;
==========================================&#xD;
Starting Playwright...&#xD;
Launching Google Chrome...&#xD;
Creating isolated browser context...&#xD;
HTTP authentication credentials configured.&#xD;
Playwright page created.&#xD;
Given I have Cognito credentials "MRP\autoDealCapR" and "aEm_M3kG_WjC-_"&#xD;
Cognito user: MRP\autoDealCapR&#xD;
Cognito password: ********&#xD;
-&gt; done: DealCaptureCognitoSteps.GivenIHaveCognitoCredentials("MRP\autoDealCapR", "aEm_M3kG_WjC-_") (0.0s)&#xD;
When I open the Deal Capture URL "https://dealcapture-test.mrp.net.nz/" in Cognito mode&#xD;
Opening Deal Capture URL: https://dealcapture-test.mrp.net.nz/&#xD;
Waiting for Chrome Sign in dialog...&#xD;
Waiting for Chrome authentication dialog...&#xD;
-&gt; error: Chrome 'Sign in' authentication dialog was not found. (22.0s)&#xD;
Then I should be signed in to Deal Capture as a "read" user&#xD;
-&gt; skipped because of previous errors&#xD;
Closing Playwright browser...&#xD;
Playwright browser closed.&#xD;
&#xD;
==========================================&#xD;
Starting Deal Capture test&#xD;
Username: MRP\autoDealCapW&#xD;
Password: ********&#xD;
==========================================&#xD;
Starting Playwright...&#xD;
Launching Google Chrome...&#xD;
Creating isolated browser context...&#xD;
HTTP authentication credentials configured.&#xD;
Playwright page created.&#xD;
Given I have Cognito credentials "MRP\autoDealCapW" and "aEm_M3kG_WjC-_"&#xD;
Cognito user: MRP\autoDealCapW&#xD;
Cognito password: ********&#xD;
-&gt; done: DealCaptureCognitoSteps.GivenIHaveCognitoCredentials("MRP\autoDealCapW", "aEm_M3kG_WjC-_") (0.0s)&#xD;
When I open the Deal Capture URL "https://dealcapture-test.mrp.net.nz/" in Cognito mode&#xD;
Opening Deal Capture URL: https://dealcapture-test.mrp.net.nz/&#xD;
Waiting for Chrome Sign in dialog...&#xD;
Waiting for Chrome authentication dialog...&#xD;
-&gt; error: Chrome 'Sign in' authentication dialog was not found. (22.2s)&#xD;
Then I should be signed in to Deal Capture as a "write" user&#xD;
-&gt; skipped because of previous errors&#xD;
Closing Playwright browser...&#xD;
Playwright browser closed.&#xD;
&#xD;
==========================================&#xD;
Starting Deal Capture test&#xD;
Username: MRP\autoDealCapA&#xD;
Password: ********&#xD;
==========================================&#xD;
Starting Playwright...&#xD;
Launching Google Chrome...&#xD;
Creating isolated browser context...&#xD;
HTTP authentication credentials configured.&#xD;
Playwright page created.&#xD;
Given I have Cognito credentials "MRP\autoDealCapA" and "aEm_M3kG_WjC-_"&#xD;
Cognito user: MRP\autoDealCapA&#xD;
Cognito password: ********&#xD;
-&gt; done: DealCaptureCognitoSteps.GivenIHaveCognitoCredentials("MRP\autoDealCapA", "aEm_M3kG_WjC-_") (0.0s)&#xD;
When I open the Deal Capture URL "https://dealcapture-test.mrp.net.nz/" in Cognito mode&#xD;
Opening Deal Capture URL: https://dealcapture-test.mrp.net.nz/&#xD;
Waiting for Chrome Sign in dialog...&#xD;
Waiting for Chrome authentication dialog...&#xD;
-&gt; error: Chrome 'Sign in' authentication dialog was not found. (22.2s)&#xD;
Then I should be signed in to Deal Capture as a "authorize" user&#xD;
-&gt; skipped because of previous errors&#xD;
Closing Playwright browser...&#xD;
Playwright browser closed.&#xD;
&#xD;
NUnit Adapter 5.0.0.0: Test execution complete&#xD;
</StdOut>
    </Output>
  </ResultSummary>
</TestRun>