<?xml version="1.0" encoding="utf-8"?>
<TestRun id="ee496647-27ed-4f92-a8b3-0366a0e35c51" name="WardhanJa@5CG451219F 2026-09-15 08:46:50" runUser="TPOWER\WardhanJa" xmlns="http://microsoft.com/schemas/VisualStudio/TeamTest/2010">
  <Times creation="2026-09-15T08:46:50.4754510+12:00" queuing="2026-09-15T08:46:50.4754517+12:00" start="2026-09-15T08:46:12.3005363+12:00" finish="2026-09-15T08:47:36.4807512+12:00" />
  <TestSettings name="default" id="4a3f434e-33fe-48e0-8f6a-812f0b12b43f">
    <Deployment runDeploymentRoot="WardhanJa_5CG451219F_2026-09-15_08_46_50" />
  </TestSettings>
  <Results>
    <UnitTestResult executionId="daa2df25-fa85-46ac-9945-9da155bdaea8" testId="2914eb75-6f9f-7c4d-8b31-61d539073f58" testName="SignInToDealCaptureWithACognitoTestAccount(&quot;authorize&quot;,&quot;MRP\\autoDealCapA&quot;,&quot;aEm_M3kG_WjC-_&quot;,&quot;2&quot;,null)" computerName="5CG451219F" duration="00:00:23.7247270" startTime="2026-09-15T08:47:12.6172916+12:00" endTime="2026-09-15T08:47:36.3431516+12:00" testType="13cdc9d9-ddb5-4fa4-a97d-d965ccfc6d4b" outcome="Failed" testListId="8c84fa94-04c1-424b-9868-57a2d4851a1d" relativeResultsDirectory="daa2df25-fa85-46ac-9945-9da155bdaea8">
      <Output>
        <StdOut>Given I open the Deal Capture URL "https://dealcapture-test.mrp.net.nz/" in Cognito mode&#xD;
-&gt; done: DealCaptureCognitoSteps.GivenIOpenTheDealCaptureUrlInCognitoMode("https://dealcaptu...") (0.0s)&#xD;
When I sign in with Cognito username "MRP\autoDealCapA" and password "aEm_M3kG_WjC-_"&#xD;
Waiting for native authentication dialog...&#xD;
-&gt; error: The native Microsoft/Chrome sign-in dialog did not appear. (21.4s)&#xD;
Then I should be signed in to Deal Capture as a "authorize" user&#xD;
-&gt; skipped because of previous errors</StdOut>
        <ErrorInfo>
          <Message>System.InvalidOperationException : The native Microsoft/Chrome sign-in dialog did not appear.</Message>
          <StackTrace>   at csharpMcp.Tests.Drivers.NativeAuthenticationDialog.SignInAsync(String username, String password) in C:\Playwright Resume 2026 Source\DotNetMCP\csharpMcp\tests\Drivers\NativeAuthenticationDialog.cs:line 39&#xD;
   at csharpMcp.Tests.StepDefinitions.DealCaptureCognitoSteps.WhenISignInWithCognitoUsernameAndPassword(String username, String password) in C:\Playwright Resume 2026 Source\DotNetMCP\csharpMcp\tests\StepDefinitions\DealCaptureCognitoSteps.cs:line 44&#xD;
   at Reqnroll.Bindings.AsyncMethodHelper.ConvertTaskOfT(Task task, Boolean getValue)&#xD;
   at Reqnroll.Bindings.BindingDelegateInvoker.InvokeDelegateAsync(Delegate bindingDelegate, Object[] invokeArgs, ExecutionContextHolder executionContext)&#xD;
   at Reqnroll.Bindings.BindingInvoker.InvokeBindingAsync(IBinding binding, IContextManager contextManager, Object[] arguments, ITestTracer testTracer, DurationHolder durationHolder)&#xD;
   at Reqnroll.Infrastructure.TestExecutionEngine.ExecuteStepMatchAsync(BindingMatch match, Object[] arguments, DurationHolder durationHolder)&#xD;
   at Reqnroll.Infrastructure.TestExecutionEngine.ExecuteStepMatchAsync(BindingMatch match, Object[] arguments, DurationHolder durationHolder)&#xD;
   at Reqnroll.Infrastructure.TestExecutionEngine.&lt;&gt;c__DisplayClass57_0.&lt;&lt;ExecuteStepAsync&gt;b__7&gt;d.MoveNext()&#xD;
--- End of stack trace from previous location ---&#xD;
   at Reqnroll.Infrastructure.TestExecutionEngine.&lt;&gt;c__DisplayClass57_0.&lt;&lt;ExecuteStepAsync&gt;g__HandleStepExecutionExceptions|0&gt;d.MoveNext()&#xD;
   at Reqnroll.Infrastructure.TestExecutionEngine.OnAfterLastStepAsync()&#xD;
   at Reqnroll.TestRunner.CollectScenarioErrorsAsync()&#xD;
   at csharpMcp.Tests.Features.DealCaptureCognitoLoginFeature.ScenarioCleanupAsync()&#xD;
   at csharpMcp.Tests.Features.DealCaptureCognitoLoginFeature.SignInToDealCaptureWithACognitoTestAccount(String role, String username, String password, String __pickleIndex, String[] exampleTags) in C:\Playwright Resume 2026 Source\DotNetMCP\csharpMcp\tests\Features\DealCaptureCognitoLogin.feature:line 7&#xD;
   at NUnit.Framework.Internal.TaskAwaitAdapter.GenericAdapter`1.BlockUntilCompleted()&#xD;
   at NUnit.Framework.Internal.MessagePumpStrategy.NoMessagePumpStrategy.WaitForCompletion(AwaitAdapter awaiter)&#xD;
   at NUnit.Framework.Internal.AsyncToSyncAdapter.Await[TResult](TestExecutionContext context, Func`1 invoke)&#xD;
   at NUnit.Framework.Internal.AsyncToSyncAdapter.Await(TestExecutionContext context, Func`1 invoke)&#xD;
   at NUnit.Framework.Internal.Commands.TestMethodCommand.RunTestMethod(TestExecutionContext context)&#xD;
   at NUnit.Framework.Internal.Commands.TestMethodCommand.Execute(TestExecutionContext context)&#xD;
   at NUnit.Framework.Internal.Commands.BeforeAndAfterTestCommand.&lt;&gt;c__DisplayClass1_0.&lt;Execute&gt;b__0()&#xD;
   at NUnit.Framework.Internal.Commands.DelegatingTestCommand.RunTestMethodInThreadAbortSafeZone(TestExecutionContext context, Action action)
</StackTrace>
        </ErrorInfo>
      </Output>
    </UnitTestResult>
    <UnitTestResult executionId="c38ac1f1-a10f-498d-b568-4b96920c72ef" testId="30715e59-8fa9-d066-e589-877b5ee0ea48" testName="SignInToDealCaptureWithACognitoTestAccount(&quot;write&quot;,&quot;MRP\\autoDealCapW&quot;,&quot;aEm_M3kG_WjC-_&quot;,&quot;1&quot;,null)" computerName="5CG451219F" duration="00:00:22.2153590" startTime="2026-09-15T08:46:50.4007904+12:00" endTime="2026-09-15T08:47:12.6172104+12:00" testType="13cdc9d9-ddb5-4fa4-a97d-d965ccfc6d4b" outcome="Failed" testListId="8c84fa94-04c1-424b-9868-57a2d4851a1d" relativeResultsDirectory="c38ac1f1-a10f-498d-b568-4b96920c72ef">
      <Output>
        <StdOut>Given I open the Deal Capture URL "https://dealcapture-test.mrp.net.nz/" in Cognito mode&#xD;
-&gt; done: DealCaptureCognitoSteps.GivenIOpenTheDealCaptureUrlInCognitoMode("https://dealcaptu...") (0.0s)&#xD;
When I sign in with Cognito username "MRP\autoDealCapW" and password "aEm_M3kG_WjC-_"&#xD;
Waiting for native authentication dialog...&#xD;
-&gt; error: The native Microsoft/Chrome sign-in dialog did not appear. (20.3s)&#xD;
Then I should be signed in to Deal Capture as a "write" user&#xD;
-&gt; skipped because of previous errors</StdOut>
        <ErrorInfo>
          <Message>System.InvalidOperationException : The native Microsoft/Chrome sign-in dialog did not appear.</Message>
          <StackTrace>   at csharpMcp.Tests.Drivers.NativeAuthenticationDialog.SignInAsync(String username, String password) in C:\Playwright Resume 2026 Source\DotNetMCP\csharpMcp\tests\Drivers\NativeAuthenticationDialog.cs:line 39&#xD;
   at csharpMcp.Tests.StepDefinitions.DealCaptureCognitoSteps.WhenISignInWithCognitoUsernameAndPassword(String username, String password) in C:\Playwright Resume 2026 Source\DotNetMCP\csharpMcp\tests\StepDefinitions\DealCaptureCognitoSteps.cs:line 44&#xD;
   at Reqnroll.Bindings.AsyncMethodHelper.ConvertTaskOfT(Task task, Boolean getValue)&#xD;
   at Reqnroll.Bindings.BindingDelegateInvoker.InvokeDelegateAsync(Delegate bindingDelegate, Object[] invokeArgs, ExecutionContextHolder executionContext)&#xD;
   at Reqnroll.Bindings.BindingInvoker.InvokeBindingAsync(IBinding binding, IContextManager contextManager, Object[] arguments, ITestTracer testTracer, DurationHolder durationHolder)&#xD;
   at Reqnroll.Infrastructure.TestExecutionEngine.ExecuteStepMatchAsync(BindingMatch match, Object[] arguments, DurationHolder durationHolder)&#xD;
   at Reqnroll.Infrastructure.TestExecutionEngine.ExecuteStepMatchAsync(BindingMatch match, Object[] arguments, DurationHolder durationHolder)&#xD;
   at Reqnroll.Infrastructure.TestExecutionEngine.&lt;&gt;c__DisplayClass57_0.&lt;&lt;ExecuteStepAsync&gt;b__7&gt;d.MoveNext()&#xD;
--- End of stack trace from previous location ---&#xD;
   at Reqnroll.Infrastructure.TestExecutionEngine.&lt;&gt;c__DisplayClass57_0.&lt;&lt;ExecuteStepAsync&gt;g__HandleStepExecutionExceptions|0&gt;d.MoveNext()&#xD;
   at Reqnroll.Infrastructure.TestExecutionEngine.OnAfterLastStepAsync()&#xD;
   at Reqnroll.TestRunner.CollectScenarioErrorsAsync()&#xD;
   at csharpMcp.Tests.Features.DealCaptureCognitoLoginFeature.ScenarioCleanupAsync()&#xD;
   at csharpMcp.Tests.Features.DealCaptureCognitoLoginFeature.SignInToDealCaptureWithACognitoTestAccount(String role, String username, String password, String __pickleIndex, String[] exampleTags) in C:\Playwright Resume 2026 Source\DotNetMCP\csharpMcp\tests\Features\DealCaptureCognitoLogin.feature:line 7&#xD;
   at NUnit.Framework.Internal.TaskAwaitAdapter.GenericAdapter`1.BlockUntilCompleted()&#xD;
   at NUnit.Framework.Internal.MessagePumpStrategy.NoMessagePumpStrategy.WaitForCompletion(AwaitAdapter awaiter)&#xD;
   at NUnit.Framework.Internal.AsyncToSyncAdapter.Await[TResult](TestExecutionContext context, Func`1 invoke)&#xD;
   at NUnit.Framework.Internal.AsyncToSyncAdapter.Await(TestExecutionContext context, Func`1 invoke)&#xD;
   at NUnit.Framework.Internal.Commands.TestMethodCommand.RunTestMethod(TestExecutionContext context)&#xD;
   at NUnit.Framework.Internal.Commands.TestMethodCommand.Execute(TestExecutionContext context)&#xD;
   at NUnit.Framework.Internal.Commands.BeforeAndAfterTestCommand.&lt;&gt;c__DisplayClass1_0.&lt;Execute&gt;b__0()&#xD;
   at NUnit.Framework.Internal.Commands.DelegatingTestCommand.RunTestMethodInThreadAbortSafeZone(TestExecutionContext context, Action action)
</StackTrace>
        </ErrorInfo>
      </Output>
    </UnitTestResult>
    <UnitTestResult executionId="d87337ff-a9cf-46be-85a5-9ae92842f0a3" testId="534d4f1c-2c6f-5e77-2f64-c099214fd433" testName="SignInToDealCaptureWithACognitoTestAccount(&quot;read&quot;,&quot;MRP\\autoDealCapR&quot;,&quot;aEm_M3kG_WjC-_&quot;,&quot;0&quot;,null)" computerName="5CG451219F" duration="00:00:28.4717070" startTime="2026-09-15T08:46:21.9254170+12:00" endTime="2026-09-15T08:46:50.3983689+12:00" testType="13cdc9d9-ddb5-4fa4-a97d-d965ccfc6d4b" outcome="Failed" testListId="8c84fa94-04c1-424b-9868-57a2d4851a1d" relativeResultsDirectory="d87337ff-a9cf-46be-85a5-9ae92842f0a3">
      <Output>
        <StdOut>Given I open the Deal Capture URL "https://dealcapture-test.mrp.net.nz/" in Cognito mode&#xD;
-&gt; done: DealCaptureCognitoSteps.GivenIOpenTheDealCaptureUrlInCognitoMode("https://dealcaptu...") (0.0s)&#xD;
When I sign in with Cognito username "MRP\autoDealCapR" and password "aEm_M3kG_WjC-_"&#xD;
Waiting for native authentication dialog...&#xD;
-&gt; error: The native Microsoft/Chrome sign-in dialog did not appear. (21.3s)&#xD;
Then I should be signed in to Deal Capture as a "read" user&#xD;
-&gt; skipped because of previous errors</StdOut>
        <ErrorInfo>
          <Message>System.InvalidOperationException : The native Microsoft/Chrome sign-in dialog did not appear.</Message>
          <StackTrace>   at csharpMcp.Tests.Drivers.NativeAuthenticationDialog.SignInAsync(String username, String password) in C:\Playwright Resume 2026 Source\DotNetMCP\csharpMcp\tests\Drivers\NativeAuthenticationDialog.cs:line 39&#xD;
   at csharpMcp.Tests.StepDefinitions.DealCaptureCognitoSteps.WhenISignInWithCognitoUsernameAndPassword(String username, String password) in C:\Playwright Resume 2026 Source\DotNetMCP\csharpMcp\tests\StepDefinitions\DealCaptureCognitoSteps.cs:line 44&#xD;
   at Reqnroll.Bindings.AsyncMethodHelper.ConvertTaskOfT(Task task, Boolean getValue)&#xD;
   at Reqnroll.Bindings.BindingDelegateInvoker.InvokeDelegateAsync(Delegate bindingDelegate, Object[] invokeArgs, ExecutionContextHolder executionContext)&#xD;
   at Reqnroll.Bindings.BindingInvoker.InvokeBindingAsync(IBinding binding, IContextManager contextManager, Object[] arguments, ITestTracer testTracer, DurationHolder durationHolder)&#xD;
   at Reqnroll.Infrastructure.TestExecutionEngine.ExecuteStepMatchAsync(BindingMatch match, Object[] arguments, DurationHolder durationHolder)&#xD;
   at Reqnroll.Infrastructure.TestExecutionEngine.ExecuteStepMatchAsync(BindingMatch match, Object[] arguments, DurationHolder durationHolder)&#xD;
   at Reqnroll.Infrastructure.TestExecutionEngine.&lt;&gt;c__DisplayClass57_0.&lt;&lt;ExecuteStepAsync&gt;b__7&gt;d.MoveNext()&#xD;
--- End of stack trace from previous location ---&#xD;
   at Reqnroll.Infrastructure.TestExecutionEngine.&lt;&gt;c__DisplayClass57_0.&lt;&lt;ExecuteStepAsync&gt;g__HandleStepExecutionExceptions|0&gt;d.MoveNext()&#xD;
   at Reqnroll.Infrastructure.TestExecutionEngine.OnAfterLastStepAsync()&#xD;
   at Reqnroll.TestRunner.CollectScenarioErrorsAsync()&#xD;
   at csharpMcp.Tests.Features.DealCaptureCognitoLoginFeature.ScenarioCleanupAsync()&#xD;
   at csharpMcp.Tests.Features.DealCaptureCognitoLoginFeature.SignInToDealCaptureWithACognitoTestAccount(String role, String username, String password, String __pickleIndex, String[] exampleTags) in C:\Playwright Resume 2026 Source\DotNetMCP\csharpMcp\tests\Features\DealCaptureCognitoLogin.feature:line 7&#xD;
   at NUnit.Framework.Internal.TaskAwaitAdapter.GenericAdapter`1.BlockUntilCompleted()&#xD;
   at NUnit.Framework.Internal.MessagePumpStrategy.NoMessagePumpStrategy.WaitForCompletion(AwaitAdapter awaiter)&#xD;
   at NUnit.Framework.Internal.AsyncToSyncAdapter.Await[TResult](TestExecutionContext context, Func`1 invoke)&#xD;
   at NUnit.Framework.Internal.AsyncToSyncAdapter.Await(TestExecutionContext context, Func`1 invoke)&#xD;
   at NUnit.Framework.Internal.Commands.TestMethodCommand.RunTestMethod(TestExecutionContext context)&#xD;
   at NUnit.Framework.Internal.Commands.TestMethodCommand.Execute(TestExecutionContext context)&#xD;
   at NUnit.Framework.Internal.Commands.BeforeAndAfterTestCommand.&lt;&gt;c__DisplayClass1_0.&lt;Execute&gt;b__0()&#xD;
   at NUnit.Framework.Internal.Commands.DelegatingTestCommand.RunTestMethodInThreadAbortSafeZone(TestExecutionContext context, Action action)
</StackTrace>
        </ErrorInfo>
      </Output>
    </UnitTestResult>
  </Results>
  <TestDefinitions>
    <UnitTest name="SignInToDealCaptureWithACognitoTestAccount(&quot;authorize&quot;,&quot;MRP\\autoDealCapA&quot;,&quot;aEm_M3kG_WjC-_&quot;,&quot;2&quot;,null)" storage="c:\playwright resume 2026 source\dotnetmcp\csharpmcp\bin\debug\net10.0-windows\csharpmcp.dll" id="2914eb75-6f9f-7c4d-8b31-61d539073f58">
      <Execution id="daa2df25-fa85-46ac-9945-9da155bdaea8" />
      <TestMethod codeBase="C:\Playwright Resume 2026 Source\DotNetMCP\csharpMcp\bin\Debug\net10.0-windows\csharpMcp.dll" adapterTypeName="executor://nunit3testexecutor/" className="csharpMcp.Tests.Features.DealCaptureCognitoLoginFeature" name="SignInToDealCaptureWithACognitoTestAccount(&quot;authorize&quot;,&quot;MRP\\autoDealCapA&quot;,&quot;aEm_M3kG_WjC-_&quot;,&quot;2&quot;,null)" />
    </UnitTest>
    <UnitTest name="SignInToDealCaptureWithACognitoTestAccount(&quot;write&quot;,&quot;MRP\\autoDealCapW&quot;,&quot;aEm_M3kG_WjC-_&quot;,&quot;1&quot;,null)" storage="c:\playwright resume 2026 source\dotnetmcp\csharpmcp\bin\debug\net10.0-windows\csharpmcp.dll" id="30715e59-8fa9-d066-e589-877b5ee0ea48">
      <Execution id="c38ac1f1-a10f-498d-b568-4b96920c72ef" />
      <TestMethod codeBase="C:\Playwright Resume 2026 Source\DotNetMCP\csharpMcp\bin\Debug\net10.0-windows\csharpMcp.dll" adapterTypeName="executor://nunit3testexecutor/" className="csharpMcp.Tests.Features.DealCaptureCognitoLoginFeature" name="SignInToDealCaptureWithACognitoTestAccount(&quot;write&quot;,&quot;MRP\\autoDealCapW&quot;,&quot;aEm_M3kG_WjC-_&quot;,&quot;1&quot;,null)" />
    </UnitTest>
    <UnitTest name="SignInToDealCaptureWithACognitoTestAccount(&quot;read&quot;,&quot;MRP\\autoDealCapR&quot;,&quot;aEm_M3kG_WjC-_&quot;,&quot;0&quot;,null)" storage="c:\playwright resume 2026 source\dotnetmcp\csharpmcp\bin\debug\net10.0-windows\csharpmcp.dll" id="534d4f1c-2c6f-5e77-2f64-c099214fd433">
      <Execution id="d87337ff-a9cf-46be-85a5-9ae92842f0a3" />
      <TestMethod codeBase="C:\Playwright Resume 2026 Source\DotNetMCP\csharpMcp\bin\Debug\net10.0-windows\csharpMcp.dll" adapterTypeName="executor://nunit3testexecutor/" className="csharpMcp.Tests.Features.DealCaptureCognitoLoginFeature" name="SignInToDealCaptureWithACognitoTestAccount(&quot;read&quot;,&quot;MRP\\autoDealCapR&quot;,&quot;aEm_M3kG_WjC-_&quot;,&quot;0&quot;,null)" />
    </UnitTest>
  </TestDefinitions>
  <TestEntries>
    <TestEntry testId="2914eb75-6f9f-7c4d-8b31-61d539073f58" executionId="daa2df25-fa85-46ac-9945-9da155bdaea8" testListId="8c84fa94-04c1-424b-9868-57a2d4851a1d" />
    <TestEntry testId="30715e59-8fa9-d066-e589-877b5ee0ea48" executionId="c38ac1f1-a10f-498d-b568-4b96920c72ef" testListId="8c84fa94-04c1-424b-9868-57a2d4851a1d" />
    <TestEntry testId="534d4f1c-2c6f-5e77-2f64-c099214fd433" executionId="d87337ff-a9cf-46be-85a5-9ae92842f0a3" testListId="8c84fa94-04c1-424b-9868-57a2d4851a1d" />
  </TestEntries>
  <TestLists>
    <TestList name="Results Not in a List" id="8c84fa94-04c1-424b-9868-57a2d4851a1d" />
    <TestList name="All Loaded Results" id="19431567-8539-422a-85d7-44ee4e166bda" />
  </TestLists>
  <ResultSummary outcome="Failed">
    <Counters total="3" executed="3" passed="0" failed="3" error="0" timeout="0" aborted="0" inconclusive="0" passedButRunAborted="0" notRunnable="0" notExecuted="0" disconnected="0" warning="0" completed="0" inProgress="0" pending="0" />
    <Output>
      <StdOut>NUnit Adapter 5.0.0.0: Test execution started&#xD;
Running selected tests in C:\Playwright Resume 2026 Source\DotNetMCP\csharpMcp\bin\Debug\net10.0-windows\csharpMcp.dll&#xD;
   NUnit3TestExecutor discovered 3 of 3 NUnit test cases using Current Discovery mode, Non-Explicit run&#xD;
Given I open the Deal Capture URL "https://dealcapture-test.mrp.net.nz/" in Cognito mode&#xD;
-&gt; done: DealCaptureCognitoSteps.GivenIOpenTheDealCaptureUrlInCognitoMode("https://dealcaptu...") (0.0s)&#xD;
When I sign in with Cognito username "MRP\autoDealCapR" and password "aEm_M3kG_WjC-_"&#xD;
Waiting for native authentication dialog...&#xD;
-&gt; error: The native Microsoft/Chrome sign-in dialog did not appear. (21.3s)&#xD;
Then I should be signed in to Deal Capture as a "read" user&#xD;
-&gt; skipped because of previous errors&#xD;
&#xD;
Given I open the Deal Capture URL "https://dealcapture-test.mrp.net.nz/" in Cognito mode&#xD;
-&gt; done: DealCaptureCognitoSteps.GivenIOpenTheDealCaptureUrlInCognitoMode("https://dealcaptu...") (0.0s)&#xD;
When I sign in with Cognito username "MRP\autoDealCapW" and password "aEm_M3kG_WjC-_"&#xD;
Waiting for native authentication dialog...&#xD;
-&gt; error: The native Microsoft/Chrome sign-in dialog did not appear. (20.3s)&#xD;
Then I should be signed in to Deal Capture as a "write" user&#xD;
-&gt; skipped because of previous errors&#xD;
&#xD;
Given I open the Deal Capture URL "https://dealcapture-test.mrp.net.nz/" in Cognito mode&#xD;
-&gt; done: DealCaptureCognitoSteps.GivenIOpenTheDealCaptureUrlInCognitoMode("https://dealcaptu...") (0.0s)&#xD;
When I sign in with Cognito username "MRP\autoDealCapA" and password "aEm_M3kG_WjC-_"&#xD;
Waiting for native authentication dialog...&#xD;
-&gt; error: The native Microsoft/Chrome sign-in dialog did not appear. (21.4s)&#xD;
Then I should be signed in to Deal Capture as a "authorize" user&#xD;
-&gt; skipped because of previous errors&#xD;
&#xD;
NUnit Adapter 5.0.0.0: Test execution complete&#xD;
</StdOut>
    </Output>
  </ResultSummary>
</TestRun>